================================================================================
USER MANAGEMENT SYSTEM - COMPREHENSIVE TEST SUITE
================================================================================
Base URL: http://localhost:8000/api/v1
Time: 2026-02-02T07:16:46.158637
================================================================================

Waiting for server to start...
[PASS] - Admin Login
  Details: Token received, user role: admin

[PASS] - Get Current User
  Details: API Key: MhnAQRTs2O3PYlmABZvA...

[PASS] - API Key Authentication
  Details: API key auth successful

[PASS] - Create User
  Details: User ID: 3

[PASS] - List Users
  Details: Found 2 users

[PASS] - Update Profile
  Details: Profile updated successfully

[PASS] - Regenerate API Key
  Details: New key: PZfPHr2SQFx3eEHW_QUT...

[FAIL] - Create Conversation
  Details: Status: 500, Internal Server Error

[PASS] - List Conversations
  Details: Found 1 conversation(s)

[FAIL] - Get Conversation
  Details: Status: 422

[FAIL] - Update Conversation
  Details: Status: 422

[PASS] - RBAC - Access Control
  Details: User correctly denied admin access

[FAIL] - Delete Conversation
  Details: Status: 422

[PASS] - Delete User
  Details: User deleted successfully

================================================================================
TEST SUMMARY
================================================================================
Total Tests: 14
Passed: 10
Failed: 4
Success Rate: 71.4%
================================================================================

Detailed results saved to: test_results.json
